// Jest Snapshot v1, https://goo.gl/fbAQLP

exports[`matches snapshot 1`] = `
<DocumentFragment>
  <div
    class="max-w-md mx-auto mt-8"
  >
    <form
      class="mb-4"
    >
      <label
        class="block font-semibold mb-2"
        for="newTask"
      >
        New Task:
      </label>
      <input
        class="w-full p-2 border rounded mb-2 transition duration-300 transform hover:scale-105"
        data-testid="task"
        id="task"
        name="task"
        placeholder="what to do? e.g. do laundry"
        value=""
      />
      <button
        class="px-4 py-2 bg-blue-500 text-white rounded transition duration-300 transform hover:scale-110"
        data-testid="submitButton"
      >
        Add
      </button>
    </form>
    <div
      data-rbd-droppable-context-id="1"
      data-rbd-droppable-id="todos"
    />
  </div>
</DocumentFragment>
`;
